// Jest Snapshot v1, https://goo.gl/fbAQLP

exports[`Share component should match with snapshot 1`] = `[Function]`;
