// Jest Snapshot v1, https://goo.gl/fbAQLP

exports[`Shares list component should match with snapshot 1`] = `[Function]`;
